LM75A.c:23:6:LM75A_ShutDown	8	static
LM75A.c:35:6:LM75A_Wakeup	8	static
LM75A.c:46:7:LM75A_Is_ShutDown	8	static
LM75A.c:57:7:LM75A_getTemperature	16	static
LM75A.c:72:7:LM75A_getTemperatureInFarenheit	8	static
LM75A.c:80:7:LM75A_getHysterisisTemperature	16	static
LM75A.c:102:7:LM75A_getOSTripTemperature	16	static
LM75A.c:119:18:LM75A_getOsPolarity	8	static
LM75A.c:127:18:LM75A_getDeviceMode	8	static
LM75A.c:136:6:LM75A_setHysterisisTemperature	16	static
LM75A.c:149:6:LM75A_setOsTripTemperature	16	static
LM75A.c:162:6:LM75A_setOsPolarity	16	static
LM75A.c:174:6:LM75A_setDeviceMode	16	static
LM75A.c:184:6:LM75A_setFaultQueueValue	16	static
LM75A.c:197:7:LM75A_Is_Connected	16	static
LM75A.c:217:8:LM75A_getConfig	8	static
LM75A.c:226:7:LM75A_getProdId	16	static
LM75A.c:237:23:LM75A_getFaultQueueValue	8	static
